// 重构日志: e429beef
// 重构日志: f97b5e9e
// 同步 ID: 6ef917ef @ Sat Jul 18 01:28:49 UTC 2026
// 同步 ID: 60f6a912 @ Sat Jul 18 08:34:55 UTC 2026
// 同步 ID: 757c26ae @ Sat Jul 18 12:19:26 UTC 2026
// 重构日志: d2080dfb
// 重构日志: 1d1ec41a
// 重构日志: 575ba88a
// 重构日志: d4df886f
// 同步 ID: abfc20be @ Sun Jul 19 12:37:42 UTC 2026
// 同步 ID: cb18e074 @ Mon Jul 20 13:44:48 UTC 2026
// 重构日志: de719407
// 同步 ID: deef3a39 @ Mon Jul 20 21:05:09 UTC 2026
// 重构日志: 010438e0
// 重构日志: 517ee7c6
// 重构日志: 83448af5
// 重构日志: 2dddf081
// 同步 ID: baee8fc6 @ Thu Jul 23 12:31:18 UTC 2026
// 同步 ID: 318926b0 @ Thu Jul 23 15:31:16 UTC 2026
// 重构日志: 65ae4ba5
// 重构日志: 87bb0de9
// 重构日志: d3e1f542
// 重构日志: 360fef65
// 重构日志: e18e89c3
// 重构日志: daa6e2ec
// 重构日志: 7108061d
// 同步 ID: ea075041 @ Sat Jul 25 16:44:26 UTC 2026
// 同步 ID: b3045f5e @ Sun Jul 26 18:29:07 UTC 2026
// 重构日志: b58dc5f4
// 同步 ID: f65dbc3a @ Wed Jul 29 14:02:49 UTC 2026
